../Core/Src/main.c:71:6:FOC_SetPWM_Hardware	1
../Core/Src/main.c:76:6:Calibrate_ADC_Offset	4
../Core/Src/main.c:110:6:HAL_ADCEx_InjectedConvCpltCallback	2
../Core/Src/main.c:131:5:main	1
../Core/Src/main.c:213:6:SystemClock_Config	3
../Core/Src/main.c:259:13:MX_ADC1_Init	5
../Core/Src/main.c:337:13:MX_TIM1_Init	7
../Core/Src/main.c:410:13:MX_TIM2_Init	4
../Core/Src/main.c:458:13:MX_GPIO_Init	1
../Core/Src/main.c:499:6:HAL_TIM_IC_CaptureCallback	11
../Core/Src/main.c:532:6:HAL_TIM_PeriodElapsedCallback	2
../Core/Src/main.c:543:6:Error_Handler	1
